:File.E&xit_QAction	{container=':qnet.File_QMenu_2' text='E&xit' type='QAction' unnamed='1' visible='true'}
:MdiArea	{occurrence='2' type='QWidget' unnamed='1' visible='1' window=':qnet_Isis::ViewportMainWindow'}
:Navigator	{type='QDialog' unnamed='1' visible='1' windowTitle='Control Network Navigator'}
:Navigator_CP1	{container=':Navigator_List' row='0' type='QModelIndex'}
:Navigator_CP19	{container=':Navigator_List' text='ssides19' type='QModelIndex'}
:Navigator_CP2	{container=':Navigator_List' text='ssides2' type='QModelIndex'}
:Navigator_CP3	{container=':Navigator_List' text='ssides3' type='QModelIndex'}
:Navigator_CP37	{container=':Navigator_List' text='ssides37' type='QModelIndex'}
:Navigator_List	{parent=':Navigator' type='QListWidget' unnamed='1' visible='1'}
:Qnet Tool	{objectName='QnetTool' type='Isis::MainWindow' visible='1'}
:Qnet Tool.Geom_QRadioButton	{text='Geom' type='QRadioButton' unnamed='1' visible='1' window=':Qnet Tool'}
:Qnet Tool_QMenuBar	{type='QMenuBar' unnamed='1' visible='1' window=':Qnet Tool'}
:Qnet Tool_QScrollArea	{aboveWidget=':Qnet Tool_QToolBar' type='QScrollArea' unnamed='1' visible='1' window=':Qnet Tool'}
:Qnet Tool_QToolBar	{name='TemplateEditorToolBar' type='QToolBar' visible='1' window=':Qnet Tool'}
:QnetTool.QnetToolScroll_QScrollArea	{name='QnetToolScroll' type='QScrollArea' visible='1' window=':Qnet Tool'}
:QnetToolScroll.Zoom Factor: 1_QLabel	{container=':QnetTool.QnetToolScroll_QScrollArea' text='Zoom Factor: 1' type='QLabel' unnamed='1' visible='1'}
:QnetToolScroll.Zoom Factor: 1_QLabel_2	{container=':QnetTool.QnetToolScroll_QScrollArea' occurrence='2' text='Zoom Factor: 1' type='QLabel' unnamed='1' visible='1'}
:QnetToolScroll_QWidget	{container=':QnetTool.QnetToolScroll_QScrollArea' type='QWidget' unnamed='1' visible='1'}
:Select a control network.splitter_QSplitter	{name='splitter' type='QSplitter' visible='1' window=':Select a control network_QFileDialog'}
:Select a control network_QFileDialog	{name='QFileDialog' type='QFileDialog' visible='1' windowTitle='Select a control network'}
:Select a list of cubes.Cancel_QPushButton	{text='Cancel' type='QPushButton' unnamed='1' visible='1' window=':Select a list of cubes_QFileDialog'}
:Select a list of cubes.File name:_QLabel	{name='fileNameLabel' text='File name:' type='QLabel' visible='1' window=':Select a list of cubes_QFileDialog'}
:Select a list of cubes.backButton_QToolButton	{name='backButton' type='QToolButton' visible='1' window=':Select a list of cubes_QFileDialog'}
:Select a list of cubes.lookInCombo_QComboBox	{name='lookInCombo' type='QComboBox' visible='1' window=':Select a list of cubes_QFileDialog'}
:Select a list of cubes.splitter_QSplitter	{name='splitter' type='QSplitter' visible='1' window=':Select a list of cubes_QFileDialog'}
:Select a list of cubes.toParentButton_QToolButton	{name='toParentButton' type='QToolButton' visible='1' window=':Select a list of cubes_QFileDialog'}
:Select a list of cubes_QFileDialog	{name='QFileDialog' type='QFileDialog' visible='1' windowTitle='Select a list of cubes'}
:VP1	{aboveWidget=':QnetToolScroll.Zoom Factor: 1_QLabel' container=':QnetTool.QnetToolScroll_QScrollArea' type='Isis::ChipViewport' unnamed='1' visible='1'}
:VP2	{aboveWidget=':QnetToolScroll.Zoom Factor: 1_QLabel_2' container=':QnetTool.QnetToolScroll_QScrollArea' type='Isis::ChipViewport' unnamed='1' visible='1'}
:_Isis::QnetTool	{type='Isis::QnetTool' unnamed='1'}
:_QListView	{occurrence='3' type='QListView' unnamed='1' visible='1'}
:fileNameEdit_QLineEdit	{buddy=':Select a list of cubes.File name:_QLabel' name='fileNameEdit' type='QLineEdit' visible='1'}
:frame.stackedWidget_QStackedWidget	{container=':splitter.frame_QFrame' name='stackedWidget' type='QStackedWidget' visible='1'}
:frame.stackedWidget_QStackedWidget_2	{container=':splitter.frame_QFrame_2' name='stackedWidget' type='QStackedWidget' visible='1'}
:qnet.Exit_QToolButton	{text='Exit' type='QToolButton' unnamed='1' visible='1' window=':qnet_Isis::ViewportMainWindow'}
:qnet.File_QMenu	{title='File' type='QMenu' unnamed='1' visible='1' window=':qnet_Isis::ViewportMainWindow'}
:qnet.File_QMenu_2	{title='File' type='QMenu' unnamed='1' visible='0' window=':qnet_Isis::ViewportMainWindow'}
:qnet.Open control network  cube list_QToolButton	{text='Open control network  cube list' type='QToolButton' unnamed='1' visible='1' window=':qnet_Isis::ViewportMainWindow'}
:qnetToolMainWindow	{name='QnetTool' type='Isis::MainWindow' visible='0' windowTitle?='Qnet Tool - Control Network File:*'}
:qnet_Isis::ViewportMainWindow	{name='MainWindow' type='Isis::ViewportMainWindow' visible='1' windowTitle='qnet'}
:qnet_QMenuBar	{type='QMenuBar' unnamed='1' visible='1' window=':qnet_Isis::ViewportMainWindow'}
:splitter.frame_QFrame	{container=':Select a list of cubes.splitter_QSplitter' name='frame' type='QFrame' visible='1'}
:splitter.frame_QFrame_2	{container=':Select a control network.splitter_QSplitter' name='frame' type='QFrame' visible='1'}
:stackedWidget.treeView_QTreeView	{container=':frame.stackedWidget_QStackedWidget' name='treeView' type='QTreeView' visible='1'}
:stackedWidget.treeView_QTreeView_2	{container=':frame.stackedWidget_QStackedWidget_2' name='treeView' type='QTreeView' visible='1'}
